Creating test database for alias 'default'...
WARNING:django.request:Forbidden: /projetos/network/edit/2
...........WARNING:django.request:Bad Request: /projetos/prograos/api/scale/read/
F....FF.....FF......F.C:\Users\cleil\AppData\Local\Packages\PythonSoftwareFoundation.Python.3.12_qbz5n2kfra8p0\LocalCache\local-packages\Python312\site-packages\django\views\generic\list.py:91: UnorderedObjectListWarning: Pagination may yield inconsistent results with an unordered object_list: <class 'prograos.models.Amostra'> QuerySet.
  return self.paginator_class(
.ss........FF.ss.F...................
======================================================================
FAIL: test_scale_read_endpoint (prograos.tests.APITest.test_scale_read_endpoint)
tests scale reading endpoint
----------------------------------------------------------------------
Traceback (most recent call last):
  File "C:\Program Files\WindowsApps\PythonSoftwareFoundation.Python.3.12_3.12.2800.0_x64__qbz5n2kfra8p0\Lib\unittest\mock.py", line 1396, in patched
    return func(*newargs, **newkeywargs)
           ^^^^^^^^^^^^^^^^^^^^^^^^^^^^^
  File "C:\Users\cleil\Documents\PROJETOS\portfolio_cleilton\portfolio_cleilton\prograos\tests.py", line 311, in test_scale_read_endpoint
    self.assertEqual(response.status_code, 200)
AssertionError: 400 != 200

======================================================================
FAIL: test_criar_amostra_soja (prograos.tests.AmostraModelTest.test_criar_amostra_soja)
tests soybean sample creation
----------------------------------------------------------------------
Traceback (most recent call last):
  File "C:\Users\cleil\Documents\PROJETOS\portfolio_cleilton\portfolio_cleilton\prograos\tests.py", line 40, in test_criar_amostra_soja
    self.assertIsNotNone(amostra.id_amostra)
AssertionError: unexpectedly None

======================================================================
FAIL: test_str_representation (prograos.tests.AmostraModelTest.test_str_representation)
tests string representation of the model
----------------------------------------------------------------------
Traceback (most recent call last):
  File "C:\Users\cleil\Documents\PROJETOS\portfolio_cleilton\portfolio_cleilton\prograos\tests.py", line 81, in test_str_representation
    self.assertEqual(str(amostra), expected_str)
AssertionError: 'None - SOJA' != 'Amostra None - SOJA'
- None - SOJA
+ Amostra None - SOJA
? ++++++++


======================================================================
FAIL: test_fluxo_completo_amostra (prograos.tests.IntegrationTest.test_fluxo_completo_amostra)
tests full sample flow
----------------------------------------------------------------------
Traceback (most recent call last):
  File "C:\Users\cleil\Documents\PROJETOS\portfolio_cleilton\portfolio_cleilton\prograos\tests.py", line 376, in test_fluxo_completo_amostra
    self.assertEqual(response.status_code, 302)
AssertionError: 200 != 302

======================================================================
FAIL: test_sistema_auditoria (prograos.tests.IntegrationTest.test_sistema_auditoria)
tests audit system
----------------------------------------------------------------------
Traceback (most recent call last):
  File "C:\Users\cleil\Documents\PROJETOS\portfolio_cleilton\portfolio_cleilton\prograos\tests.py", line 412, in test_sistema_auditoria
    self.assertEqual(response.status_code, 302)
AssertionError: 200 != 302

======================================================================
FAIL: test_amostra_create_view_post (prograos.tests.ViewsTest.test_amostra_create_view_post)
tests sample creation view (post)
----------------------------------------------------------------------
Traceback (most recent call last):
  File "C:\Users\cleil\Documents\PROJETOS\portfolio_cleilton\portfolio_cleilton\prograos\tests.py", line 253, in test_amostra_create_view_post
    self.assertEqual(response.status_code, 302)  # redirect after creation
    ^^^^^^^^^^^^^^^^^^^^^^^^^^^^^^^^^^^^^^^^^^^
AssertionError: 200 != 302

======================================================================
FAIL: test_fluxo_completo_amostra (prograos.tests_simple.IntegrationTest.test_fluxo_completo_amostra)
tests full sample flow
----------------------------------------------------------------------
Traceback (most recent call last):
  File "C:\Users\cleil\Documents\PROJETOS\portfolio_cleilton\portfolio_cleilton\prograos\tests_simple.py", line 189, in test_fluxo_completo_amostra
    self.assertEqual(response.status_code, 302)
AssertionError: 200 != 302

======================================================================
FAIL: test_sistema_auditoria (prograos.tests_simple.IntegrationTest.test_sistema_auditoria)
tests audit system
----------------------------------------------------------------------
Traceback (most recent call last):
  File "C:\Users\cleil\Documents\PROJETOS\portfolio_cleilton\portfolio_cleilton\prograos\tests_simple.py", line 212, in test_sistema_auditoria
    self.assertEqual(response.status_code, 302)
AssertionError: 200 != 302

======================================================================
FAIL: test_amostra_create_view_post (prograos.tests_simple.ViewsTest.test_amostra_create_view_post)
Testa view de criação de amostra (POST)
----------------------------------------------------------------------
Traceback (most recent call last):
  File "C:\Users\cleil\Documents\PROJETOS\portfolio_cleilton\portfolio_cleilton\prograos\tests_simple.py", line 161, in test_amostra_create_view_post
    self.assertEqual(response.status_code, 302)  # redirect after creation
    ^^^^^^^^^^^^^^^^^^^^^^^^^^^^^^^^^^^^^^^^^^^
AssertionError: 200 != 302

----------------------------------------------------------------------
Ran 70 tests in 142.605s

FAILED (failures=9, skipped=4)
Destroying test database for alias 'default'...
Found 70 test(s).
System check identified no issues (0 silenced).
Erro ao conectar com a balança: could not open port '/dev/ttyUSB0': FileNotFoundError(2, 'The system cannot find the path specified.', None, 3)
Erro ao conectar com a balança: Porta não encontrada
